
> room-planner@0.1.0 check
> npm run format:check && npm run lint && npm run typecheck && npm test && npm run build


> room-planner@0.1.0 format:check
> oxfmt --check .

Checking formatting...

All matched files use the correct format.
Finished in 220ms on 210 files using 14 threads.

> room-planner@0.1.0 lint
> oxlint . --deny-warnings


> room-planner@0.1.0 typecheck
> tsc --noEmit


> room-planner@0.1.0 test
> vitest run --passWithNoTests

`resolve.alias` contains an alias with `customResolver` option. This is deprecated and will be removed in Vite 9. Please use a custom plugin with a resolveId hook and `enforce: 'pre'` instead.
Default inspector port 9229 not available, using 9231 instead


 RUN  v5.0.0 /Users/holtsdav/Documents/Dev/RoomPlaner


 Test Files  20 passed (20)
      Tests  131 passed (131)
   Start at  17:05:44
   Duration  954ms (transform 72%, import 21%, tests 6%, worker 1%)

  Transform  transforming modules took 6.79s · 72% of tracked time, re-done on every run
             persist transforms across runs with fsModuleCache: true
             learn more: https://vitest.dev/guide/improving-performance#caching-between-reruns


> room-planner@0.1.0 build
> vinext build


  vinext build  (Vite 8.2.2)

[1/5] analyze client references...
transforming...
✓ 250 modules transformed.
rendering chunks...
✓ built in 367ms
[2/5] analyze server references...
transforming...
✓ 622 modules transformed.
rendering chunks...
✓ built in 378ms
[3/5] build rsc environment...
transforming...
✓ 241 modules transformed.
rendering chunks...
computing gzip size...
✓ built in 246ms
[4/5] build client environment...
transforming...
✓ 2421 modules transformed.
rendering chunks...
computing gzip size...
✓ built in 836ms
[5/5] build ssr environment...
transforming...
✓ 633 modules transformed.
rendering chunks...
computing gzip size...
✓ built in 469ms
[0m
  Route (app)
  ┌ ? /       
  └ ? /planner

  ? Unknown

  ? Some routes could not be classified. vinext currently uses static analysis
    and cannot detect dynamic API usage (headers(), cookies(), etc.) at build time.
    Automatic classification will be improved in a future release.

  Build complete. Run `vinext start` to start the production server.

