
> room-planner@0.1.0 build
> vinext build


  vinext build  (Vite 8.2.2)

[1/5] analyze client references...
transforming...
✓ 250 modules transformed.
rendering chunks...
✓ built in 354ms
[2/5] analyze server references...
transforming...
✓ 608 modules transformed.
rendering chunks...
✓ built in 360ms
[3/5] build rsc environment...
transforming...
✓ 241 modules transformed.
rendering chunks...
computing gzip size...
✓ built in 244ms
[4/5] build client environment...
transforming...
✓ 2409 modules transformed.
rendering chunks...
computing gzip size...
[plugin builtin:vite-reporter] 
(!) Some chunks are larger than 500 kB after minification. Consider:
- Using dynamic import() to code-split the application
- Use build.rolldownOptions.output.codeSplitting to improve chunking: https://rolldown.rs/reference/OutputOptions.codeSplitting
- Adjust chunk size limit for this warning via build.chunkSizeWarningLimit.
✓ built in 839ms
[5/5] build ssr environment...
transforming...
✓ 619 modules transformed.
rendering chunks...
computing gzip size...
✓ built in 474ms
[0m
  Route (app)
  ┌ ? /       
  └ ? /planner

  ? Unknown

  ? Some routes could not be classified. vinext currently uses static analysis
    and cannot detect dynamic API usage (headers(), cookies(), etc.) at build time.
    Automatic classification will be improved in a future release.

  Build complete. Run `vinext start` to start the production server.

