
> room-planner@0.1.0 check
> npm run format:check && npm run lint && npm run typecheck && npm test && npm run build


> room-planner@0.1.0 format:check
> oxfmt --check .

Checking formatting...

All matched files use the correct format.
Finished in 211ms on 229 files using 14 threads.

> room-planner@0.1.0 lint
> oxlint . --deny-warnings


> room-planner@0.1.0 typecheck
> tsc --noEmit


> room-planner@0.1.0 test
> vitest run --passWithNoTests

`resolve.alias` contains an alias with `customResolver` option. This is deprecated and will be removed in Vite 9. Please use a custom plugin with a resolveId hook and `enforce: 'pre'` instead.
Default inspector port 9229 not available, using 9230 instead


 RUN  v5.0.0 /Users/holtsdav/Documents/Dev/RoomPlaner


 Test Files  26 passed (26)
      Tests  159 passed (159)
   Start at  13:59:21
   Duration  1.34s (transform 65%, import 20%, tests 14%, worker 1%)

  Transform  transforming modules took 6.23s · 65% of tracked time, re-done on every run
             persist transforms across runs with fsModuleCache: true
             learn more: https://vitest.dev/guide/improving-performance#caching-between-reruns


> room-planner@0.1.0 build
> vinext build


  vinext build  (Vite 8.2.2)

[1/5] analyze client references...
transforming...
✓ 250 modules transformed.
rendering chunks...
✓ built in 360ms
[2/5] analyze server references...
transforming...
✓ 626 modules transformed.
rendering chunks...
✓ built in 362ms
[3/5] build rsc environment...
transforming...
✓ 241 modules transformed.
rendering chunks...
computing gzip size...
✓ built in 239ms
[4/5] build client environment...
transforming...
✓ 2426 modules transformed.
rendering chunks...
computing gzip size...
✓ built in 813ms
[5/5] build ssr environment...
transforming...
✓ 637 modules transformed.
rendering chunks...
computing gzip size...
✓ built in 424ms
[0m
  Route (app)
  ┌ ? /       
  └ ? /planner

  ? Unknown

  ? Some routes could not be classified. vinext currently uses static analysis
    and cannot detect dynamic API usage (headers(), cookies(), etc.) at build time.
    Automatic classification will be improved in a future release.

  Build complete. Run `vinext start` to start the production server.

