
> room-planner@0.1.0 test
> vitest run --passWithNoTests --coverage --coverage.reporter=json-summary --coverage.reporter=text --coverage.reportsDirectory=/tmp/roomplanner-release-evidence/coverage

`resolve.alias` contains an alias with `customResolver` option. This is deprecated and will be removed in Vite 9. Please use a custom plugin with a resolveId hook and `enforce: 'pre'` instead.
Default inspector port 9229 not available, using 9231 instead


 RUN  v5.0.0 /Users/holtsdav/Documents/Dev/RoomPlaner
      Coverage enabled with v8


 Test Files  26 passed (26)
      Tests  159 passed (159)
   Start at  14:10:26
   Duration  1.48s (transform 62%, import 20%, tests 14%, worker 3%)

  Transform  transforming modules took 6.45s · 62% of tracked time, re-done on every run
             persist transforms across runs with fsModuleCache: true
             learn more: https://vitest.dev/guide/improving-performance#caching-between-reruns

 % Coverage report from v8
-------------------|---------|----------|---------|---------|-------------------
File               | % Stmts | % Branch | % Funcs | % Lines | Uncovered Line #s 
-------------------|---------|----------|---------|---------|-------------------
All files          |   77.84 |    72.63 |   81.29 |   79.18 |                   
 domain            |      94 |    86.53 |   96.87 |   95.74 |                   
  ...ent-guides.ts |    96.5 |    89.43 |     100 |   97.61 | 74,260,322        
  ...int-bounds.ts |    87.5 |       90 |     100 |    85.1 | 63-68,81          
  catalog.ts       |   95.45 |    80.85 |   93.75 |   95.34 | 456-477           
  commands.ts      |   87.85 |    75.29 |   94.91 |   94.82 | ...21,271,279,370 
  ...blueprints.ts |   95.98 |    98.09 |     100 |   95.86 | 170-178,365-385   
  placement.ts     |   98.03 |       95 |     100 |   97.77 | 99                
  plan-document.ts |   77.61 |    60.52 |   85.71 |   84.21 | 92,249-262        
  polygon.ts       |   91.66 |    81.63 |     100 |     100 | ...58,105-113,121 
  ...blueprints.ts |   95.82 |    87.43 |     100 |   95.87 | ...20-821,823-824 
  room-files.ts    |   94.44 |    85.71 |     100 |     100 | 10                
  ...asurements.ts |   97.22 |     90.9 |     100 |   97.05 | 94                
  selection.ts     |    97.5 |       80 |     100 |     100 | 45,73,95-96       
  shape-points.ts  |       0 |        0 |       0 |       0 | 10-24             
  ...attachment.ts |   94.79 |    84.61 |     100 |   97.72 | 36,56             
  ...bel-layout.ts |     100 |    96.66 |     100 |     100 | 85                
 persistence       |   19.51 |    17.24 |   19.04 |   18.18 |                   
  ...repository.ts |    4.34 |        0 |       0 |    4.54 | 13-19,29-141      
  save-queue.ts    |     100 |    83.33 |     100 |     100 | 16                
 state             |   66.12 |    51.08 |   72.58 |   70.96 |                   
  planner-store.ts |   66.12 |    51.08 |   72.58 |   70.96 | ...54-671,737-741 
 ui                |   37.89 |    39.59 |   46.77 |      37 |                   
  ...controller.ts |   74.32 |    59.18 |   66.66 |    75.8 | 149-180           
  object-colors.ts |   33.33 |        0 |       0 |   33.33 | 36-51             
  ...age-export.ts |    2.63 |        0 |    6.25 |    2.71 | 28-204,224-376    
  ...local-plan.ts |   40.84 |    19.56 |   33.33 |   43.28 | 59,66-131         
-------------------|---------|----------|---------|---------|-------------------

=============================== Coverage summary ===============================
Statements   : 77.84% ( 1729/2221 )
Branches     : 72.63% ( 929/1279 )
Functions    : 81.29% ( 326/401 )
Lines        : 79.18% ( 1613/2037 )
================================================================================
