
> room-planner@0.1.0 build:develop
> node scripts/cloudflare.mjs build develop


  vinext build  (Vite 8.2.2)

[1/5] analyze client references...
transforming...
✓ 252 modules transformed.
rendering chunks...
Using secrets defined in process.env
[33m▲ [43;33m[[43;30mWARNING[43;33m][0m [1mMissing required secrets: DEV_PASSWORD. Add them to .dev.vars, .env, or set as environment variables.[0m


✓ built in 422ms
[2/5] analyze server references...
transforming...
✓ 626 modules transformed.
rendering chunks...
✓ built in 349ms
[3/5] build rsc environment...
transforming...
✓ 243 modules transformed.
rendering chunks...
Using secrets defined in process.env
[33m▲ [43;33m[[43;30mWARNING[43;33m][0m [1mMissing required secrets: DEV_PASSWORD. Add them to .dev.vars, .env, or set as environment variables.[0m


computing gzip size...
✓ built in 241ms
[4/5] build client environment...
transforming...
✓ 2426 modules transformed.
rendering chunks...
computing gzip size...
✓ built in 782ms
[5/5] build ssr environment...
transforming...
✓ 637 modules transformed.
rendering chunks...
computing gzip size...
✓ built in 410ms
[0m
  Route (app)
  ┌ ? /       
  └ ? /planner

  ? Unknown

  ? Some routes could not be classified. vinext currently uses static analysis
    and cannot detect dynamic API usage (headers(), cookies(), etc.) at build time.
    Automatic classification will be improved in a future release.

  Build complete. Run `vinext start` to start the production server.

