
> room-planner@0.1.0 build:production
> node scripts/cloudflare.mjs build production


  vinext build  (Vite 8.2.2)

[1/5] analyze client references...
transforming...
✓ 252 modules transformed.
rendering chunks...
✓ built in 376ms
[2/5] analyze server references...
transforming...
✓ 626 modules transformed.
rendering chunks...
✓ built in 354ms
[3/5] build rsc environment...
transforming...
✓ 243 modules transformed.
rendering chunks...
computing gzip size...
✓ built in 240ms
[4/5] build client environment...
transforming...
✓ 2426 modules transformed.
rendering chunks...
computing gzip size...
✓ built in 821ms
[5/5] build ssr environment...
transforming...
✓ 637 modules transformed.
rendering chunks...
computing gzip size...
✓ built in 436ms
[0m
  Route (app)
  ┌ ? /       
  └ ? /planner

  ? Unknown

  ? Some routes could not be classified. vinext currently uses static analysis
    and cannot detect dynamic API usage (headers(), cookies(), etc.) at build time.
    Automatic classification will be improved in a future release.

  Build complete. Run `vinext start` to start the production server.

