
> room-planner@0.1.0 check
> npm run format:check && npm run lint && npm run typecheck && npm test && npm run build


> room-planner@0.1.0 format:check
> oxfmt --check .

Checking formatting...

All matched files use the correct format.
Finished in 214ms on 193 files using 14 threads.

> room-planner@0.1.0 lint
> oxlint . --deny-warnings


> room-planner@0.1.0 typecheck
> tsc --noEmit


> room-planner@0.1.0 test
> vitest run --passWithNoTests

`resolve.alias` contains an alias with `customResolver` option. This is deprecated and will be removed in Vite 9. Please use a custom plugin with a resolveId hook and `enforce: 'pre'` instead.
Default inspector port 9229 not available, using 9231 instead


 RUN  v5.0.0 /Users/holtsdav/Documents/Dev/RoomPlaner


 Test Files  17 passed (17)
      Tests  114 passed (114)
   Start at  16:11:22
   Duration  974ms (transform 75%, import 19%, tests 5%)

  Transform  transforming modules took 6.94s · 75% of tracked time, re-done on every run
             persist transforms across runs with fsModuleCache: true
             learn more: https://vitest.dev/guide/improving-performance#caching-between-reruns


> room-planner@0.1.0 build
> vinext build


  vinext build  (Vite 8.2.2)

[1/5] analyze client references...
transforming...
✓ 250 modules transformed.
rendering chunks...
✓ built in 378ms
[2/5] analyze server references...
transforming...
✓ 614 modules transformed.
rendering chunks...
✓ built in 384ms
[3/5] build rsc environment...
transforming...
✓ 241 modules transformed.
rendering chunks...
computing gzip size...
✓ built in 247ms
[4/5] build client environment...
transforming...
✓ 2413 modules transformed.
rendering chunks...
computing gzip size...
✓ built in 824ms
[5/5] build ssr environment...
transforming...
✓ 625 modules transformed.
rendering chunks...
computing gzip size...
✓ built in 450ms
[0m
  Route (app)
  ┌ ? /       
  └ ? /planner

  ? Unknown

  ? Some routes could not be classified. vinext currently uses static analysis
    and cannot detect dynamic API usage (headers(), cookies(), etc.) at build time.
    Automatic classification will be improved in a future release.

  Build complete. Run `vinext start` to start the production server.

